// Jest Snapshot v1, https://goo.gl/fbAQLP

exports[`<Button /> should render the medium size by default 1`] = `
.c0 {
  background: #0f0f0f;
  color: #0f0f0f;
}

<button
  class="c0"
>
  I am a Button
</button>
`;
